root@server:/home/dainius# grabserial -v -d "/dev/ttyUSB0" -b 115200 -w 8 -p N -s 1 -e 60 -t -m "U-Boot" 
Opening serial port /dev/ttyUSB0
115200:8N1:xonxoff=0:rtscts=0
Program will end in 60 seconds
Printing timing information for each line
Matching pattern 'U-Boot' to set base time
Use Control-C to stop...
[0.000001 0.000001] Sending SIGTERM to remaining processes...
[0.035768 0.035767] Sending SIGKILL to remaining processes...
[0.048401 0.012633] Unmounting file systems.
[0.050640 0.002239] Unmounted /sys/fs/fuse/connections.
[0.053755 0.003115] Unmounted /sys/kernel/debug.
[0.056299 0.002544] Unmounted /dev/mqueue.
[0.058285 0.001986] Unmounted /sys/kernel/security.
[0.189192 0.130907] Disabling swaps.
[0.191264 0.002072] Detaching loop devices.
[0.201212 0.009948] Detaching DM devices.
[0.217902 0.016690] [ 1417.513304] (NULL device *): gadget not registered.
[0.231653 0.013751] [ 1417.527067] Restarting system.
[0.463644 0.231991] 
[0.463689 0.000045] U-Boot SPL 2015.01-00001-gb2412df (Jan 29 2015 - 15:01:06)
[1.698629 1.698629] 
[1.698777 0.000148] 
[1.698971 0.000194] U-Boot 2015.01-00001-gb2412df (Jan 29 2015 - 15:01:06), Build: jenkins-github_Bootloader-Builder-105
[0.008905 0.008905] 
[0.009032 0.000127]        Watchdog enabled
[0.011407 0.002375] I2C:   ready
[0.064928 0.053521] DRAM:  512 MiB
[0.419459 0.354531] MMC:   OMAP SD/MMC: 0, OMAP SD/MMC: 1
[0.422920 0.003461] Using default environment
[0.425168 0.002248] 
[0.510808 0.085640] Net:   <ethaddr> not set. Validating first E-fuse MAC
[0.568059 0.057251] cpsw
[0.569174 0.001115] Hit any key to stop autoboot:  0 
[1.576373 1.007199] gpio: pin 53 (gpio 53) value is 1
[1.603475 0.027102] Card did not respond to voltage select!
[1.615979 0.012504] Card did not respond to voltage select!
[1.619588 0.003609] gpio: pin 56 (gpio 56) value is 0
[1.622621 0.003033] gpio: pin 55 (gpio 55) value is 0
[1.625728 0.003107] gpio: pin 54 (gpio 54) value is 0
[1.688234 0.062506] switch to partitions #0, OK
[1.690721 0.002487] mmc1(part 0) is current device
[1.752097 0.061376] gpio: pin 54 (gpio 54) value is 1
[1.760966 0.008869] Checking for: /uEnv.txt ...
[1.769475 0.008509] Checking for: /boot.scr ...
[1.777975 0.008500] Checking for: /boot/boot.scr ...
[1.786734 0.008759] Checking for: /boot/uEnv.txt ...
[1.828114 0.041380] gpio: pin 55 (gpio 55) value is 1
[1.864346 0.036232] 818 bytes read in 28 ms (28.3 KiB/s)
[1.867961 0.003615] Loaded environment from /boot/uEnv.txt
[1.871714 0.003753] Checking if uname_r is set in /boot/uEnv.txt...
[1.876082 0.004368] gpio: pin 56 (gpio 56) value is 1
[1.879217 0.003135] Running uname_boot ...
[1.921999 0.042782] loading /boot/vmlinuz-3.8.13-bone70 ...
[2.275481 0.353482] 5617184 bytes read in 344 ms (15.6 MiB/s)
[2.319356 0.043875] loading /boot/dtbs/3.8.13-bone70/am335x-boneblack.dtb ...
[2.367988 0.048632] 26098 bytes read in 38 ms (669.9 KiB/s)
[2.409113 0.041125] loading /boot/initrd.img-3.8.13-bone70 ...
[2.609427 0.200314] 2867606 bytes read in 190 ms (14.4 MiB/s)
[2.615738 0.006311] debug: [console=ttyO0,115200n8 root=UUID=e0fa6375-809e-44e7-b8b9-2da1372a7f94 ro rootfstype=ext4 rootwait fixrtc quiet init=/lib/systemd/systemd] ...
[2.629619 0.013881] debug: [bootz 0x82000000 0x88080000:2bc196 0x88000000] ...
[2.635854 0.006235] Kernel image @ 0x82000000 [ 0x000000 - 0x55b620 ]
[2.640354 0.004500] ## Flattened Device Tree blob at 88000000
[2.644106 0.003752]    Booting using the fdt blob at 0x88000000
[2.648114 0.004008]    Loading Ramdisk to 8fd43000, end 8ffff196 ... OK
[2.677118 0.029004]    Loading Device Tree to 8fd39000, end 8fd425f1 ... OK
[2.683371 0.006253] 
[2.683624 0.000253] Starting kernel ...
[2.685494 0.001870] 
[2.691004 0.005510] Uncompressing Linux... done, booting the kernel.
[3.452243 0.761239] [    0.372505] omap2_mbox_probe: platform not supported
[3.457508 0.005265] [    0.527421] tps65217-bl tps65217-bl: no platform data provided
[3.513030 0.055522] [    0.590810] bone-capemgr bone_capemgr.9: slot #0: No cape found
[3.550021 0.036991] [    0.627918] bone-capemgr bone_capemgr.9: slot #1: No cape found
[3.587148 0.037127] [    0.665024] bone-capemgr bone_capemgr.9: slot #2: No cape found
[3.624273 0.037125] [    0.702134] bone-capemgr bone_capemgr.9: slot #3: No cape found
[3.640031 0.015758] [    0.717871] bone-capemgr bone_capemgr.9: slot #6: BB-BONELT-HDMIN conflict P8.45 (#5:BB-BONELT-HDMI)
[3.649510 0.009479] [    0.727431] bone-capemgr bone_capemgr.9: slot #6: Failed verification
[3.656261 0.006751] [    0.734161] bone-capemgr bone_capemgr.9: loader: failed to load slot-6 BB-BONELT-HDMIN:00A0 (prio 2)
[3.672791 0.016530] [    0.750618] omap_hsmmc mmc.5: of_parse_phandle_with_args of 'reset' failed
[3.735916 0.063125] [    0.813746] pinctrl-single 44e10800.pinmux: pin 44e10854 already requested by 44e10800.pinmux; cannot claim for gpio-leds.8
[3.747523 0.011607] [    0.825431] pinctrl-single 44e10800.pinmux: pin-21 (gpio-leds.8) status -22
[3.754772 0.007249] [    0.832710] pinctrl-single 44e10800.pinmux: could not request pin 21 on device pinctrl-single
[3.975700 0.220928] Loading, please wait...
[6.679414 2.703714] systemd-fsck[218]: rootfs: clean, 84887/233856 files, 486587/933632 blocks
[9.065965 2.386551] [    6.143944] libphy: PHY 4a101000.mdio:01 not found
[9.070917 0.004952] [    6.148992] net eth0: phy 4a101000.mdio:01 not found on slave 1
[19.571382 10.500465] 
[19.571706 0.000324] Debian GNU/Linux 7 beaglebone ttyO0
[19.582744 0.011038] 
[19.583481 0.000737] BeagleBoard.org Debian Image 2015-03-01
[19.639527 0.056046] 
[19.641386 0.001859] Support/FAQ: http://elinux.org/Beagleboard:BeagleBoneBlack_Debian
[19.678494 0.037108] 
[19.678593 0.000099] default username:password is [debian:temppwd]
[19.695004 0.016411] 
[19.697991 0.002987] The IP Address for eth0 is: 192.168.1.31
[19.710607 0.012616] The IP Address for usb0 is: 192.168.7.2
[19.727858 0.017251] beaglebone login: 
root@server:/home/dainius# 

